// Jest Snapshot v1, https://goo.gl/fbAQLP

exports[`Component AppText renders correctly 1`] = `
<Text
  style={
    Array [
      Object {
        "fontFamily": "Roboto_500Medium",
      },
      undefined,
    ]
  }
>
  Test
</Text>
`;
